
================================================================================
[2026-04-16 15:12:18.426527] API CALLED: /execute/reverse/continuous
User ID: f9ea299a-3dff-4a53-a52c-1331c99623f8
Request: {'binance_account_id': UUID('e8519bed-b8eb-478c-b106-64232b004d53'), 'bybit_account_id': UUID('e658c876-b19b-426d-b173-70269a63f711'), 'pair_code': 'XAU', 'opening_m_coin': 1.0, 'closing_m_coin': 5.0, 'trigger_check_interval': 0.1, 'ladders': [{'enabled': True, 'opening_spread': 3.0, 'closing_spread': 2.0, 'total_qty': 1.0, 'opening_trigger_count': 3, 'closing_trigger_count': 3}]}
================================================================================
[2026-04-16 15:12:18.456065] Task created: 0c5c4ffa-e713-4f40-8a07-1c25517d4797
Executor is_running: False
Coroutine: <coroutine object ContinuousStrategyExecutor.execute_reverse_opening_continuous at 0x7926e5478180>


================================================================================
[2026-04-16 15:12:44.387882] API CALLED: /execute/forward/continuous
User ID: f9ea299a-3dff-4a53-a52c-1331c99623f8
Request: {'binance_account_id': UUID('e8519bed-b8eb-478c-b106-64232b004d53'), 'bybit_account_id': UUID('e658c876-b19b-426d-b173-70269a63f711'), 'pair_code': 'XAU', 'opening_m_coin': 1.0, 'closing_m_coin': 5.0, 'trigger_check_interval': 0.1, 'ladders': [{'enabled': True, 'opening_spread': 3.0, 'closing_spread': 2.0, 'total_qty': 1.0, 'opening_trigger_count': 3, 'closing_trigger_count': 3}]}
================================================================================
[2026-04-16 15:12:44.395357] Task created: 6f9b7688-e13d-4ccd-9fd1-bb34605bd12d
Executor is_running: False
Coroutine: <coroutine object ContinuousStrategyExecutor.execute_forward_opening_continuous at 0x7926e5479080>


================================================================================
[2026-04-16 15:13:40.394211] API CALLED: /execute/forward/continuous
User ID: f9ea299a-3dff-4a53-a52c-1331c99623f8
Request: {'binance_account_id': UUID('e8519bed-b8eb-478c-b106-64232b004d53'), 'bybit_account_id': UUID('e658c876-b19b-426d-b173-70269a63f711'), 'pair_code': 'XAU', 'opening_m_coin': 1.0, 'closing_m_coin': 5.0, 'trigger_check_interval': 0.1, 'ladders': [{'enabled': True, 'opening_spread': 0.6, 'closing_spread': 2.0, 'total_qty': 1.0, 'opening_trigger_count': 3, 'closing_trigger_count': 3}]}
================================================================================
[2026-04-16 15:13:40.411502] Task created: 50ad71b7-4108-4022-8700-2720debb4332
Executor is_running: False
Coroutine: <coroutine object ContinuousStrategyExecutor.execute_forward_opening_continuous at 0x7926e88aed40>


================================================================================
[2026-04-16 15:13:56.582655] API CALLED: /execute/forward/continuous
User ID: f9ea299a-3dff-4a53-a52c-1331c99623f8
Request: {'binance_account_id': UUID('e8519bed-b8eb-478c-b106-64232b004d53'), 'bybit_account_id': UUID('e658c876-b19b-426d-b173-70269a63f711'), 'pair_code': 'XAU', 'opening_m_coin': 1.0, 'closing_m_coin': 5.0, 'trigger_check_interval': 0.1, 'ladders': [{'enabled': True, 'opening_spread': 0.6, 'closing_spread': 2.0, 'total_qty': 1.0, 'opening_trigger_count': 3, 'closing_trigger_count': 3}]}
================================================================================
[2026-04-16 15:13:56.590919] Task created: 4721a845-d214-4d38-9cbd-a69e5e4ebdbb
Executor is_running: False
Coroutine: <coroutine object ContinuousStrategyExecutor.execute_forward_opening_continuous at 0x7926e5478a40>


================================================================================
[2026-04-16 22:19:39.884499] API CALLED: /execute/reverse/continuous
User ID: f9ea299a-3dff-4a53-a52c-1331c99623f8
Request: {'binance_account_id': UUID('e8519bed-b8eb-478c-b106-64232b004d53'), 'bybit_account_id': UUID('e658c876-b19b-426d-b173-70269a63f711'), 'pair_code': 'XAU', 'opening_m_coin': 1.0, 'closing_m_coin': 5.0, 'trigger_check_interval': 0.1, 'ladders': [{'enabled': True, 'opening_spread': 3.0, 'closing_spread': 2.0, 'total_qty': 1.0, 'opening_trigger_count': 3, 'closing_trigger_count': 3}]}
================================================================================
[2026-04-16 22:19:39.912350] Task created: dc6a6503-573f-4397-898e-0f26af27014c
Executor is_running: False
Coroutine: <coroutine object ContinuousStrategyExecutor.execute_reverse_opening_continuous at 0x708571746980>


================================================================================
[2026-04-16 22:21:52.976061] API CALLED: /execute/reverse/continuous
User ID: f9ea299a-3dff-4a53-a52c-1331c99623f8
Request: {'binance_account_id': UUID('e8519bed-b8eb-478c-b106-64232b004d53'), 'bybit_account_id': UUID('e658c876-b19b-426d-b173-70269a63f711'), 'pair_code': 'XAU', 'opening_m_coin': 1.0, 'closing_m_coin': 5.0, 'trigger_check_interval': 0.1, 'ladders': [{'enabled': True, 'opening_spread': 3.0, 'closing_spread': 2.0, 'total_qty': 1.0, 'opening_trigger_count': 3, 'closing_trigger_count': 3}]}
================================================================================
[2026-04-16 22:21:52.987029] Task created: e7ab0a9a-5911-4c58-9583-6b49131c8816
Executor is_running: False
Coroutine: <coroutine object ContinuousStrategyExecutor.execute_reverse_opening_continuous at 0x70856e535080>


================================================================================
[2026-04-16 22:23:39.173136] API CALLED: /execute/reverse/continuous
User ID: f9ea299a-3dff-4a53-a52c-1331c99623f8
Request: {'binance_account_id': UUID('e8519bed-b8eb-478c-b106-64232b004d53'), 'bybit_account_id': UUID('e658c876-b19b-426d-b173-70269a63f711'), 'pair_code': 'XAU', 'opening_m_coin': 1.0, 'closing_m_coin': 5.0, 'trigger_check_interval': 0.1, 'ladders': [{'enabled': True, 'opening_spread': 3.0, 'closing_spread': 2.0, 'total_qty': 1.0, 'opening_trigger_count': 3, 'closing_trigger_count': 3}]}
================================================================================
[2026-04-16 22:23:39.184253] Task created: 0ab6d91b-2edc-4373-be91-d515ada51625
Executor is_running: False
Coroutine: <coroutine object ContinuousStrategyExecutor.execute_reverse_opening_continuous at 0x70856e536200>


================================================================================
[2026-04-16 22:25:49.866089] API CALLED: /execute/reverse/continuous
User ID: f9ea299a-3dff-4a53-a52c-1331c99623f8
Request: {'binance_account_id': UUID('e8519bed-b8eb-478c-b106-64232b004d53'), 'bybit_account_id': UUID('e658c876-b19b-426d-b173-70269a63f711'), 'pair_code': 'XAU', 'opening_m_coin': 1.0, 'closing_m_coin': 5.0, 'trigger_check_interval': 0.1, 'ladders': [{'enabled': True, 'opening_spread': 1.8, 'closing_spread': 2.0, 'total_qty': 1.0, 'opening_trigger_count': 3, 'closing_trigger_count': 3}]}
================================================================================
[2026-04-16 22:25:49.878255] Task created: 6ec8fad3-c61f-4bea-84e4-e8de4c99d6f9
Executor is_running: False
Coroutine: <coroutine object ContinuousStrategyExecutor.execute_reverse_opening_continuous at 0x70856e537c40>


================================================================================
[2026-04-16 22:26:14.883530] API CALLED: /execute/reverse/continuous
User ID: f9ea299a-3dff-4a53-a52c-1331c99623f8
Request: {'binance_account_id': UUID('e8519bed-b8eb-478c-b106-64232b004d53'), 'bybit_account_id': UUID('e658c876-b19b-426d-b173-70269a63f711'), 'pair_code': 'XAU', 'opening_m_coin': 1.0, 'closing_m_coin': 5.0, 'trigger_check_interval': 0.1, 'ladders': [{'enabled': True, 'opening_spread': 1.8, 'closing_spread': 2.0, 'total_qty': 1.0, 'opening_trigger_count': 3, 'closing_trigger_count': 3}]}
================================================================================
[2026-04-16 22:26:14.891198] Task created: d6594a45-2fe5-4eeb-b52e-c1a5c309ebc7
Executor is_running: False
Coroutine: <coroutine object ContinuousStrategyExecutor.execute_reverse_opening_continuous at 0x70856e535d00>


================================================================================
[2026-04-16 22:27:48.495357] API CALLED: /execute/reverse/continuous
User ID: f9ea299a-3dff-4a53-a52c-1331c99623f8
Request: {'binance_account_id': UUID('e8519bed-b8eb-478c-b106-64232b004d53'), 'bybit_account_id': UUID('e658c876-b19b-426d-b173-70269a63f711'), 'pair_code': 'XAU', 'opening_m_coin': 1.0, 'closing_m_coin': 5.0, 'trigger_check_interval': 0.1, 'ladders': [{'enabled': True, 'opening_spread': 1.8, 'closing_spread': 2.0, 'total_qty': 1.0, 'opening_trigger_count': 3, 'closing_trigger_count': 3}]}
================================================================================
[2026-04-16 22:27:48.503391] Task created: 81b84bc2-74c3-470f-b613-7b9220073e53
Executor is_running: False
Coroutine: <coroutine object ContinuousStrategyExecutor.execute_reverse_opening_continuous at 0x70856e5342c0>


================================================================================
[2026-04-16 22:31:31.472781] API CALLED: /execute/reverse/continuous
User ID: 0bc9c5f7-dc77-4f7d-bfbf-4b347a934b24
Request: {'binance_account_id': UUID('e8519bed-b8eb-478c-b106-64232b004d53'), 'bybit_account_id': UUID('e658c876-b19b-426d-b173-70269a63f711'), 'pair_code': 'XAU', 'opening_m_coin': 1.0, 'closing_m_coin': 5.0, 'trigger_check_interval': 0.1, 'ladders': [{'enabled': True, 'opening_spread': 1.8, 'closing_spread': 2.0, 'total_qty': 1.0, 'opening_trigger_count': 3, 'closing_trigger_count': 3}]}
================================================================================

================================================================================
[2026-04-16 22:32:24.747501] API CALLED: /execute/reverse/continuous
User ID: 0bc9c5f7-dc77-4f7d-bfbf-4b347a934b24
Request: {'binance_account_id': UUID('e8519bed-b8eb-478c-b106-64232b004d53'), 'bybit_account_id': UUID('e658c876-b19b-426d-b173-70269a63f711'), 'pair_code': 'XAU', 'opening_m_coin': 1.0, 'closing_m_coin': 5.0, 'trigger_check_interval': 0.1, 'ladders': [{'enabled': True, 'opening_spread': 1.8, 'closing_spread': 2.0, 'total_qty': 1.0, 'opening_trigger_count': 3, 'closing_trigger_count': 3}]}
================================================================================

================================================================================
[2026-04-16 22:36:15.372584] API CALLED: /execute/reverse/continuous
User ID: f9ea299a-3dff-4a53-a52c-1331c99623f8
Request: {'binance_account_id': UUID('e8519bed-b8eb-478c-b106-64232b004d53'), 'bybit_account_id': UUID('e658c876-b19b-426d-b173-70269a63f711'), 'pair_code': 'XAU', 'opening_m_coin': 1.0, 'closing_m_coin': 5.0, 'trigger_check_interval': 0.1, 'ladders': [{'enabled': True, 'opening_spread': 1.5, 'closing_spread': 2.0, 'total_qty': 1.0, 'opening_trigger_count': 3, 'closing_trigger_count': 3}]}
================================================================================
[2026-04-16 22:36:15.392355] Task created: 8ecdf100-ad52-407d-b96d-5b62df8ffb64
Executor is_running: False
Coroutine: <coroutine object ContinuousStrategyExecutor.execute_reverse_opening_continuous at 0x7838c0fd3c40>


================================================================================
[2026-04-16 22:37:23.833143] API CALLED: /execute/reverse/continuous
User ID: f9ea299a-3dff-4a53-a52c-1331c99623f8
Request: {'binance_account_id': UUID('e8519bed-b8eb-478c-b106-64232b004d53'), 'bybit_account_id': UUID('e658c876-b19b-426d-b173-70269a63f711'), 'pair_code': 'XAU', 'opening_m_coin': 1.0, 'closing_m_coin': 5.0, 'trigger_check_interval': 0.1, 'ladders': [{'enabled': True, 'opening_spread': 1.5, 'closing_spread': 2.0, 'total_qty': 1.0, 'opening_trigger_count': 3, 'closing_trigger_count': 3}]}
================================================================================
[2026-04-16 22:37:23.841834] Task created: 99a48778-b80a-4521-a159-d49e000e10a7
Executor is_running: False
Coroutine: <coroutine object ContinuousStrategyExecutor.execute_reverse_opening_continuous at 0x7838c0fd3240>


================================================================================
[2026-04-16 22:37:33.293469] API CALLED: /execute/reverse/continuous
User ID: f9ea299a-3dff-4a53-a52c-1331c99623f8
Request: {'binance_account_id': UUID('e8519bed-b8eb-478c-b106-64232b004d53'), 'bybit_account_id': UUID('e658c876-b19b-426d-b173-70269a63f711'), 'pair_code': 'XAU', 'opening_m_coin': 1.0, 'closing_m_coin': 5.0, 'trigger_check_interval': 0.1, 'ladders': [{'enabled': True, 'opening_spread': 1.2, 'closing_spread': 2.0, 'total_qty': 1.0, 'opening_trigger_count': 3, 'closing_trigger_count': 3}]}
================================================================================
[2026-04-16 22:37:33.340814] Task created: 8d02d0f5-c734-44c0-9229-6b0be1dc2eb4
Executor is_running: False
Coroutine: <coroutine object ContinuousStrategyExecutor.execute_reverse_opening_continuous at 0x7838bdc35080>


================================================================================
[2026-04-16 23:25:17.015186] API CALLED: /execute/reverse/continuous
User ID: f9ea299a-3dff-4a53-a52c-1331c99623f8
Request: {'binance_account_id': UUID('e8519bed-b8eb-478c-b106-64232b004d53'), 'bybit_account_id': UUID('e658c876-b19b-426d-b173-70269a63f711'), 'pair_code': 'XAU', 'opening_m_coin': 1.0, 'closing_m_coin': 5.0, 'trigger_check_interval': 0.1, 'ladders': [{'enabled': True, 'opening_spread': 0.6, 'closing_spread': 2.0, 'total_qty': 1.0, 'opening_trigger_count': 3, 'closing_trigger_count': 3}]}
================================================================================
[2026-04-16 23:25:17.027847] Task created: ec8d0a8b-d2a4-4e1a-a788-7dcba24af284
Executor is_running: False
Coroutine: <coroutine object ContinuousStrategyExecutor.execute_reverse_opening_continuous at 0x7838c0fd2840>


================================================================================
[2026-04-16 23:27:06.550903] API CALLED: /execute/reverse/continuous
User ID: f9ea299a-3dff-4a53-a52c-1331c99623f8
Request: {'binance_account_id': UUID('e8519bed-b8eb-478c-b106-64232b004d53'), 'bybit_account_id': UUID('e658c876-b19b-426d-b173-70269a63f711'), 'pair_code': 'XAU', 'opening_m_coin': 1.0, 'closing_m_coin': 5.0, 'trigger_check_interval': 0.1, 'ladders': [{'enabled': True, 'opening_spread': 0.4, 'closing_spread': 2.0, 'total_qty': 1.0, 'opening_trigger_count': 3, 'closing_trigger_count': 3}]}
================================================================================
[2026-04-16 23:27:06.568719] Task created: 4c4c0705-c2e4-48aa-b6a5-277aaa446aab
Executor is_running: False
Coroutine: <coroutine object ContinuousStrategyExecutor.execute_reverse_opening_continuous at 0x7838bdc36480>


================================================================================
[2026-04-16 23:36:15.253579] API CALLED: /execute/reverse/continuous
User ID: f9ea299a-3dff-4a53-a52c-1331c99623f8
Request: {'binance_account_id': UUID('e8519bed-b8eb-478c-b106-64232b004d53'), 'bybit_account_id': UUID('e658c876-b19b-426d-b173-70269a63f711'), 'pair_code': 'XAU', 'opening_m_coin': 1.0, 'closing_m_coin': 5.0, 'trigger_check_interval': 0.1, 'ladders': [{'enabled': True, 'opening_spread': 0.4, 'closing_spread': 2.0, 'total_qty': 1.0, 'opening_trigger_count': 3, 'closing_trigger_count': 3}]}
================================================================================
[2026-04-16 23:36:15.277603] Task created: 237c92fb-38fc-468a-b4ef-87352cd0f0e5
Executor is_running: False
Coroutine: <coroutine object ContinuousStrategyExecutor.execute_reverse_opening_continuous at 0x73c8770d6d40>


================================================================================
[2026-04-16 23:53:49.039967] API CALLED: /execute/forward/continuous
User ID: f9ea299a-3dff-4a53-a52c-1331c99623f8
Request: {'binance_account_id': UUID('e8519bed-b8eb-478c-b106-64232b004d53'), 'bybit_account_id': UUID('e658c876-b19b-426d-b173-70269a63f711'), 'pair_code': 'XAU', 'opening_m_coin': 1.0, 'closing_m_coin': 5.0, 'trigger_check_interval': 0.1, 'ladders': [{'enabled': True, 'opening_spread': 0.6, 'closing_spread': 2.0, 'total_qty': 1.0, 'opening_trigger_count': 3, 'closing_trigger_count': 3}]}
================================================================================
[2026-04-16 23:53:49.075404] Task created: ea05a2eb-0333-4c3e-8ec7-6e3bb10db4dc
Executor is_running: False
Coroutine: <coroutine object ContinuousStrategyExecutor.execute_forward_opening_continuous at 0x716687ecbec0>


================================================================================
[2026-04-17 00:41:53.909725] API CALLED: /execute/forward/continuous
User ID: f9ea299a-3dff-4a53-a52c-1331c99623f8
Request: {'binance_account_id': UUID('e8519bed-b8eb-478c-b106-64232b004d53'), 'bybit_account_id': UUID('e658c876-b19b-426d-b173-70269a63f711'), 'pair_code': 'XAU', 'opening_m_coin': 1.0, 'closing_m_coin': 5.0, 'trigger_check_interval': 0.1, 'ladders': [{'enabled': True, 'opening_spread': 0.6, 'closing_spread': 2.0, 'total_qty': 1.0, 'opening_trigger_count': 3, 'closing_trigger_count': 3}]}
================================================================================
[2026-04-17 00:41:53.946888] Task created: 083a2e80-7b4e-48e7-b682-a1589023fffa
Executor is_running: False
Coroutine: <coroutine object ContinuousStrategyExecutor.execute_forward_opening_continuous at 0x7ba28148c040>


================================================================================
[2026-04-17 00:43:28.601800] API CALLED: /execute/forward/continuous
User ID: f9ea299a-3dff-4a53-a52c-1331c99623f8
Request: {'binance_account_id': UUID('e8519bed-b8eb-478c-b106-64232b004d53'), 'bybit_account_id': UUID('e658c876-b19b-426d-b173-70269a63f711'), 'pair_code': 'XAU', 'opening_m_coin': 1.0, 'closing_m_coin': 5.0, 'trigger_check_interval': 0.1, 'ladders': [{'enabled': True, 'opening_spread': 0.0, 'closing_spread': 2.0, 'total_qty': 1.0, 'opening_trigger_count': 3, 'closing_trigger_count': 3}]}
================================================================================
[2026-04-17 00:43:28.614553] Task created: 2ad21055-49f8-4c67-af1f-f49126111725
Executor is_running: False
Coroutine: <coroutine object ContinuousStrategyExecutor.execute_forward_opening_continuous at 0x7ba28148d080>


================================================================================
[2026-04-17 00:51:33.932744] API CALLED: /execute/forward/continuous
User ID: f9ea299a-3dff-4a53-a52c-1331c99623f8
Request: {'binance_account_id': UUID('e8519bed-b8eb-478c-b106-64232b004d53'), 'bybit_account_id': UUID('e658c876-b19b-426d-b173-70269a63f711'), 'pair_code': 'XAU', 'opening_m_coin': 1.0, 'closing_m_coin': 5.0, 'trigger_check_interval': 0.1, 'ladders': [{'enabled': True, 'opening_spread': 0.0, 'closing_spread': 2.0, 'total_qty': 1.0, 'opening_trigger_count': 3, 'closing_trigger_count': 3}]}
================================================================================
[2026-04-17 00:51:33.955669] Task created: 4b92e566-f2e2-4b71-8294-4cffd9671f5f
Executor is_running: False
Coroutine: <coroutine object ContinuousStrategyExecutor.execute_forward_opening_continuous at 0x73cafc550180>


================================================================================
[2026-04-17 00:51:42.307251] API CALLED: /execute/reverse/continuous
User ID: f9ea299a-3dff-4a53-a52c-1331c99623f8
Request: {'binance_account_id': UUID('e8519bed-b8eb-478c-b106-64232b004d53'), 'bybit_account_id': UUID('e658c876-b19b-426d-b173-70269a63f711'), 'pair_code': 'XAU', 'opening_m_coin': 1.0, 'closing_m_coin': 5.0, 'trigger_check_interval': 0.1, 'ladders': [{'enabled': True, 'opening_spread': 0.4, 'closing_spread': 2.0, 'total_qty': 1.0, 'opening_trigger_count': 3, 'closing_trigger_count': 3}]}
================================================================================
[2026-04-17 00:51:42.316927] Task created: f160cd6c-9749-429a-b44b-1e0e3c0a86a6
Executor is_running: False
Coroutine: <coroutine object ContinuousStrategyExecutor.execute_reverse_opening_continuous at 0x73caff997d80>


================================================================================
[2026-04-17 01:05:26.213060] API CALLED: /execute/reverse/continuous
User ID: f9ea299a-3dff-4a53-a52c-1331c99623f8
Request: {'binance_account_id': UUID('e8519bed-b8eb-478c-b106-64232b004d53'), 'bybit_account_id': UUID('e658c876-b19b-426d-b173-70269a63f711'), 'pair_code': 'XAU', 'opening_m_coin': 1.0, 'closing_m_coin': 5.0, 'trigger_check_interval': 0.1, 'ladders': [{'enabled': True, 'opening_spread': 0.4, 'closing_spread': 2.0, 'total_qty': 1.0, 'opening_trigger_count': 3, 'closing_trigger_count': 3}]}
================================================================================
[2026-04-17 01:05:26.238342] Task created: fd92a983-fee0-450f-b197-9d717c972148
Executor is_running: False
Coroutine: <coroutine object ContinuousStrategyExecutor.execute_reverse_opening_continuous at 0x7c5a62608040>


================================================================================
[2026-04-17 01:24:29.742442] API CALLED: /execute/reverse/continuous
User ID: f9ea299a-3dff-4a53-a52c-1331c99623f8
Request: {'binance_account_id': UUID('e8519bed-b8eb-478c-b106-64232b004d53'), 'bybit_account_id': UUID('e658c876-b19b-426d-b173-70269a63f711'), 'pair_code': 'XAU', 'opening_m_coin': 1.0, 'closing_m_coin': 5.0, 'trigger_check_interval': 0.1, 'ladders': [{'enabled': True, 'opening_spread': 0.4, 'closing_spread': 2.0, 'total_qty': 1.0, 'opening_trigger_count': 3, 'closing_trigger_count': 3}]}
================================================================================
[2026-04-17 01:24:29.759790] Task created: 1c9b40fd-dbf8-4ab6-ad7c-a6f09c182172
Executor is_running: False
Coroutine: <coroutine object ContinuousStrategyExecutor.execute_reverse_opening_continuous at 0x7edaefe82700>


================================================================================
[2026-04-17 01:34:24.587106] API CALLED: /execute/reverse/continuous
User ID: f9ea299a-3dff-4a53-a52c-1331c99623f8
Request: {'binance_account_id': UUID('e8519bed-b8eb-478c-b106-64232b004d53'), 'bybit_account_id': UUID('e658c876-b19b-426d-b173-70269a63f711'), 'pair_code': 'ICXAU', 'opening_m_coin': 1.0, 'closing_m_coin': 5.0, 'trigger_check_interval': 0.1, 'ladders': [{'enabled': True, 'opening_spread': 2.0, 'closing_spread': 2.0, 'total_qty': 1.0, 'opening_trigger_count': 3, 'closing_trigger_count': 3}]}
================================================================================
[2026-04-17 01:34:24.596864] Task created: 83a48edb-2913-4608-b175-a20d9d99b8c1
Executor is_running: False
Coroutine: <coroutine object ContinuousStrategyExecutor.execute_reverse_opening_continuous at 0x7edaefe82c00>


================================================================================
[2026-04-17 01:34:54.974776] API CALLED: /execute/reverse/continuous
User ID: f9ea299a-3dff-4a53-a52c-1331c99623f8
Request: {'binance_account_id': UUID('e8519bed-b8eb-478c-b106-64232b004d53'), 'bybit_account_id': UUID('e658c876-b19b-426d-b173-70269a63f711'), 'pair_code': 'ICXAU', 'opening_m_coin': 1.0, 'closing_m_coin': 5.0, 'trigger_check_interval': 0.1, 'ladders': [{'enabled': True, 'opening_spread': 1.5, 'closing_spread': 2.0, 'total_qty': 1.0, 'opening_trigger_count': 3, 'closing_trigger_count': 3}]}
================================================================================
[2026-04-17 01:34:54.992254] Task created: 452dc853-9e4a-4a87-bd76-873338d6e209
Executor is_running: False
Coroutine: <coroutine object ContinuousStrategyExecutor.execute_reverse_opening_continuous at 0x7edaecb54680>


================================================================================
[2026-04-17 01:35:46.396819] API CALLED: /execute/reverse/continuous
User ID: f9ea299a-3dff-4a53-a52c-1331c99623f8
Request: {'binance_account_id': UUID('e8519bed-b8eb-478c-b106-64232b004d53'), 'bybit_account_id': UUID('e658c876-b19b-426d-b173-70269a63f711'), 'pair_code': 'ICXAU', 'opening_m_coin': 1.0, 'closing_m_coin': 5.0, 'trigger_check_interval': 0.1, 'ladders': [{'enabled': True, 'opening_spread': 1.5, 'closing_spread': 2.0, 'total_qty': 1.0, 'opening_trigger_count': 3, 'closing_trigger_count': 3}]}
================================================================================
[2026-04-17 01:35:46.404874] Task created: 52b2ffb1-1c6d-4b27-8df0-f5aeb64459f3
Executor is_running: False
Coroutine: <coroutine object ContinuousStrategyExecutor.execute_reverse_opening_continuous at 0x7edaecb55580>


================================================================================
[2026-04-17 01:36:26.208174] API CALLED: /execute/reverse/continuous
User ID: f9ea299a-3dff-4a53-a52c-1331c99623f8
Request: {'binance_account_id': UUID('e8519bed-b8eb-478c-b106-64232b004d53'), 'bybit_account_id': UUID('e658c876-b19b-426d-b173-70269a63f711'), 'pair_code': 'ICXAU', 'opening_m_coin': 1.0, 'closing_m_coin': 5.0, 'trigger_check_interval': 0.1, 'ladders': [{'enabled': True, 'opening_spread': 1.5, 'closing_spread': 2.0, 'total_qty': 1.0, 'opening_trigger_count': 3, 'closing_trigger_count': 3}]}
================================================================================
[2026-04-17 01:36:26.217294] Task created: 2a438b50-8ab1-4d25-ba44-619f4ce8e382
Executor is_running: False
Coroutine: <coroutine object ContinuousStrategyExecutor.execute_reverse_opening_continuous at 0x7edaecb547c0>


================================================================================
[2026-04-17 01:40:53.718115] API CALLED: /execute/reverse/continuous
User ID: f9ea299a-3dff-4a53-a52c-1331c99623f8
Request: {'binance_account_id': UUID('e8519bed-b8eb-478c-b106-64232b004d53'), 'bybit_account_id': UUID('e658c876-b19b-426d-b173-70269a63f711'), 'pair_code': 'ICXAU', 'opening_m_coin': 1.0, 'closing_m_coin': 5.0, 'trigger_check_interval': 0.1, 'ladders': [{'enabled': True, 'opening_spread': 1.0, 'closing_spread': 2.0, 'total_qty': 1.0, 'opening_trigger_count': 3, 'closing_trigger_count': 3}]}
================================================================================
[2026-04-17 01:40:53.743089] Task created: ae5ee98d-cd87-4bc2-a1bd-a54cd3bb7c45
Executor is_running: False
Coroutine: <coroutine object ContinuousStrategyExecutor.execute_reverse_opening_continuous at 0x784c34a77100>


================================================================================
[2026-04-17 01:58:36.230194] API CALLED: /execute/reverse/continuous
User ID: f9ea299a-3dff-4a53-a52c-1331c99623f8
Request: {'binance_account_id': UUID('e8519bed-b8eb-478c-b106-64232b004d53'), 'bybit_account_id': UUID('e658c876-b19b-426d-b173-70269a63f711'), 'pair_code': 'ICXAU', 'opening_m_coin': 1.0, 'closing_m_coin': 5.0, 'trigger_check_interval': 0.1, 'ladders': [{'enabled': True, 'opening_spread': 1.0, 'closing_spread': 2.0, 'total_qty': 1.0, 'opening_trigger_count': 3, 'closing_trigger_count': 3}]}
================================================================================
[2026-04-17 01:58:36.239631] Task created: 75677680-3f51-4515-8c76-aab1581bbdb5
Executor is_running: False
Coroutine: <coroutine object ContinuousStrategyExecutor.execute_reverse_opening_continuous at 0x784c34a77380>


================================================================================
[2026-04-17 01:59:31.327492] API CALLED: /execute/reverse/continuous
User ID: f9ea299a-3dff-4a53-a52c-1331c99623f8
Request: {'binance_account_id': UUID('e8519bed-b8eb-478c-b106-64232b004d53'), 'bybit_account_id': UUID('e658c876-b19b-426d-b173-70269a63f711'), 'pair_code': 'ICXAU', 'opening_m_coin': 1.0, 'closing_m_coin': 5.0, 'trigger_check_interval': 0.1, 'ladders': [{'enabled': True, 'opening_spread': 1.0, 'closing_spread': 2.0, 'total_qty': 1.0, 'opening_trigger_count': 3, 'closing_trigger_count': 3}]}
================================================================================
[2026-04-17 01:59:31.338292] Task created: a24efbbc-c20e-400f-a57a-3b8bd384e9a6
Executor is_running: False
Coroutine: <coroutine object ContinuousStrategyExecutor.execute_reverse_opening_continuous at 0x784c317a9e40>


================================================================================
[2026-04-17 02:00:36.851755] API CALLED: /execute/forward/continuous
User ID: f9ea299a-3dff-4a53-a52c-1331c99623f8
Request: {'binance_account_id': UUID('e8519bed-b8eb-478c-b106-64232b004d53'), 'bybit_account_id': UUID('e658c876-b19b-426d-b173-70269a63f711'), 'pair_code': 'ICXAU', 'opening_m_coin': 1.0, 'closing_m_coin': 5.0, 'trigger_check_interval': 0.1, 'ladders': [{'enabled': True, 'opening_spread': 0.0, 'closing_spread': 2.0, 'total_qty': 1.0, 'opening_trigger_count': 3, 'closing_trigger_count': 3}]}
================================================================================
[2026-04-17 02:00:36.859694] Task created: adbfe82e-6a41-427f-93b9-fc6f3e2c5957
Executor is_running: False
Coroutine: <coroutine object ContinuousStrategyExecutor.execute_forward_opening_continuous at 0x784c34a76480>


================================================================================
[2026-04-17 02:01:24.867138] API CALLED: /execute/forward/continuous
User ID: f9ea299a-3dff-4a53-a52c-1331c99623f8
Request: {'binance_account_id': UUID('e8519bed-b8eb-478c-b106-64232b004d53'), 'bybit_account_id': UUID('e658c876-b19b-426d-b173-70269a63f711'), 'pair_code': 'ICXAU', 'opening_m_coin': 1.0, 'closing_m_coin': 5.0, 'trigger_check_interval': 0.1, 'ladders': [{'enabled': True, 'opening_spread': 0.0, 'closing_spread': 2.0, 'total_qty': 1.0, 'opening_trigger_count': 3, 'closing_trigger_count': 3}]}
================================================================================
[2026-04-17 02:01:24.876317] Task created: dbc412fc-d0da-434c-82dd-8c49d0e0e66d
Executor is_running: False
Coroutine: <coroutine object ContinuousStrategyExecutor.execute_forward_opening_continuous at 0x784c34a76e80>


================================================================================
[2026-04-17 02:02:25.726809] API CALLED: /execute/forward/continuous
User ID: f9ea299a-3dff-4a53-a52c-1331c99623f8
Request: {'binance_account_id': UUID('e8519bed-b8eb-478c-b106-64232b004d53'), 'bybit_account_id': UUID('e658c876-b19b-426d-b173-70269a63f711'), 'pair_code': 'ICXAU', 'opening_m_coin': 1.0, 'closing_m_coin': 5.0, 'trigger_check_interval': 0.1, 'ladders': [{'enabled': True, 'opening_spread': 0.0, 'closing_spread': 2.0, 'total_qty': 1.0, 'opening_trigger_count': 3, 'closing_trigger_count': 3}]}
================================================================================
[2026-04-17 02:02:25.736895] Task created: 3577532e-a38a-465d-98e8-f15bbd9f4c76
Executor is_running: False
Coroutine: <coroutine object ContinuousStrategyExecutor.execute_forward_opening_continuous at 0x784c317aaac0>


================================================================================
[2026-04-17 02:11:02.078894] API CALLED: /execute/forward/continuous
User ID: f9ea299a-3dff-4a53-a52c-1331c99623f8
Request: {'binance_account_id': UUID('e8519bed-b8eb-478c-b106-64232b004d53'), 'bybit_account_id': UUID('e658c876-b19b-426d-b173-70269a63f711'), 'pair_code': 'ICXAU', 'opening_m_coin': 1.0, 'closing_m_coin': 5.0, 'trigger_check_interval': 0.1, 'ladders': [{'enabled': True, 'opening_spread': 0.0, 'closing_spread': 2.0, 'total_qty': 1.0, 'opening_trigger_count': 3, 'closing_trigger_count': 3}]}
================================================================================
[2026-04-17 02:11:02.086710] Task created: 4a7cea37-0f5c-446a-a101-c27cb98e897f
Executor is_running: False
Coroutine: <coroutine object ContinuousStrategyExecutor.execute_forward_opening_continuous at 0x784c317a91c0>

[2026-04-17 03:10:17.904949] Task created: b66886ae-20bc-442d-ba00-868101ee89f9
Executor is_running: False
Coroutine: <coroutine object ContinuousStrategyExecutor.execute_forward_closing_continuous at 0x7bcaa5257380>

[2026-04-17 03:25:44.008906] Task created: 709b708a-a2a3-49ab-842d-0fadb291f2ed
Executor is_running: False
Coroutine: <coroutine object ContinuousStrategyExecutor.execute_forward_closing_continuous at 0x75b71f06afc0>


================================================================================
[2026-04-17 06:28:49.251523] API CALLED: /execute/reverse/continuous
User ID: f9ea299a-3dff-4a53-a52c-1331c99623f8
Request: {'binance_account_id': UUID('e8519bed-b8eb-478c-b106-64232b004d53'), 'bybit_account_id': UUID('e658c876-b19b-426d-b173-70269a63f711'), 'pair_code': 'ICXAU', 'opening_m_coin': 10.0, 'closing_m_coin': 10.0, 'trigger_check_interval': 0.1, 'ladders': [{'enabled': True, 'opening_spread': 1.0, 'closing_spread': 0.0, 'total_qty': 10.0, 'opening_trigger_count': 2, 'closing_trigger_count': 2}]}
================================================================================
[2026-04-17 06:28:49.282655] Task created: fee06738-534f-4b6d-bee7-6179994993cd
Executor is_running: False
Coroutine: <coroutine object ContinuousStrategyExecutor.execute_reverse_opening_continuous at 0x7f2058e5ee80>


================================================================================
[2026-04-17 08:12:04.549911] API CALLED: /execute/reverse/continuous
User ID: f9ea299a-3dff-4a53-a52c-1331c99623f8
Request: {'binance_account_id': UUID('e8519bed-b8eb-478c-b106-64232b004d53'), 'bybit_account_id': UUID('e658c876-b19b-426d-b173-70269a63f711'), 'pair_code': 'ICXAU', 'opening_m_coin': 10.0, 'closing_m_coin': 10.0, 'trigger_check_interval': 0.1, 'ladders': [{'enabled': True, 'opening_spread': 2.0, 'closing_spread': 0.0, 'total_qty': 10.0, 'opening_trigger_count': 2, 'closing_trigger_count': 2}]}
================================================================================
[2026-04-17 08:12:04.595087] Task created: b8de06e6-34cd-412d-9c33-fa25d367a3d5
Executor is_running: False
Coroutine: <coroutine object ContinuousStrategyExecutor.execute_reverse_opening_continuous at 0x7866345525c0>

[2026-04-17 08:51:05.848200] Task created: e41ef3cd-94dd-4c72-97aa-cc474b7bd8e5
Executor is_running: False
Coroutine: <coroutine object ContinuousStrategyExecutor.execute_reverse_closing_continuous at 0x7380c97565c0>


================================================================================
[2026-04-17 09:52:33.167210] API CALLED: /execute/reverse/continuous
User ID: f9ea299a-3dff-4a53-a52c-1331c99623f8
Request: {'binance_account_id': UUID('e8519bed-b8eb-478c-b106-64232b004d53'), 'bybit_account_id': UUID('e658c876-b19b-426d-b173-70269a63f711'), 'pair_code': 'ICXAU', 'opening_m_coin': 10.0, 'closing_m_coin': 10.0, 'trigger_check_interval': 0.1, 'ladders': [{'enabled': True, 'opening_spread': 1.0, 'closing_spread': 0.0, 'total_qty': 10.0, 'opening_trigger_count': 2, 'closing_trigger_count': 2}]}
================================================================================
[2026-04-17 09:52:33.198970] Task created: 7d5dc7ba-4852-4275-8111-5fc85c38ad07
Executor is_running: False
Coroutine: <coroutine object ContinuousStrategyExecutor.execute_reverse_opening_continuous at 0x739235c5efc0>


================================================================================
[2026-04-17 09:53:45.356973] API CALLED: /execute/reverse/continuous
User ID: f9ea299a-3dff-4a53-a52c-1331c99623f8
Request: {'binance_account_id': UUID('e8519bed-b8eb-478c-b106-64232b004d53'), 'bybit_account_id': UUID('e658c876-b19b-426d-b173-70269a63f711'), 'pair_code': 'ICXAU', 'opening_m_coin': 10.0, 'closing_m_coin': 10.0, 'trigger_check_interval': 0.1, 'ladders': [{'enabled': True, 'opening_spread': 1.5, 'closing_spread': 0.0, 'total_qty': 10.0, 'opening_trigger_count': 2, 'closing_trigger_count': 2}]}
================================================================================
[2026-04-17 09:53:45.389859] Task created: 3e225c9f-8c99-449b-8293-490f27c2310e
Executor is_running: False
Coroutine: <coroutine object ContinuousStrategyExecutor.execute_reverse_opening_continuous at 0x739235c5ee80>

[2026-04-17 10:30:33.675043] Task created: 4e21503a-751d-4a51-8d33-e27eccf74513
Executor is_running: False
Coroutine: <coroutine object ContinuousStrategyExecutor.execute_reverse_closing_continuous at 0x739235c5e5c0>

[2026-04-17 10:31:07.764943] Task created: d33f9e6d-ec6b-4fd0-bea2-00b58cd2837d
Executor is_running: False
Coroutine: <coroutine object ContinuousStrategyExecutor.execute_reverse_closing_continuous at 0x739235c5ec00>


================================================================================
[2026-04-17 10:40:23.777729] API CALLED: /execute/reverse/continuous
User ID: f9ea299a-3dff-4a53-a52c-1331c99623f8
Request: {'binance_account_id': UUID('e8519bed-b8eb-478c-b106-64232b004d53'), 'bybit_account_id': UUID('e658c876-b19b-426d-b173-70269a63f711'), 'pair_code': 'ICXAU', 'opening_m_coin': 10.0, 'closing_m_coin': 10.0, 'trigger_check_interval': 0.1, 'ladders': [{'enabled': True, 'opening_spread': 2.0, 'closing_spread': 0.0, 'total_qty': 10.0, 'opening_trigger_count': 2, 'closing_trigger_count': 2}]}
================================================================================
[2026-04-17 10:40:23.801025] Task created: 838a333c-f9e1-4cb6-b99d-23e2d4ed64da
Executor is_running: False
Coroutine: <coroutine object ContinuousStrategyExecutor.execute_reverse_opening_continuous at 0x739232aad940>

[2026-04-17 11:46:00.122385] Task created: 8c853ce5-ef84-433f-a77c-3fa4aa6bef50
Executor is_running: False
Coroutine: <coroutine object ContinuousStrategyExecutor.execute_reverse_closing_continuous at 0x7e4107877ec0>

[2026-04-17 11:46:02.538693] Task created: c4f012fb-c351-4982-8b47-973f47a91c7a
Executor is_running: False
Coroutine: <coroutine object ContinuousStrategyExecutor.execute_reverse_closing_continuous at 0x7e4107877b00>

[2026-04-17 11:46:07.786340] Task created: 0c065e92-aa4d-4963-8a8e-e9e99668fc0b
Executor is_running: False
Coroutine: <coroutine object ContinuousStrategyExecutor.execute_reverse_closing_continuous at 0x7e4107877240>


================================================================================
[2026-04-17 13:11:01.477017] API CALLED: /execute/forward/continuous
User ID: f9ea299a-3dff-4a53-a52c-1331c99623f8
Request: {'binance_account_id': UUID('e8519bed-b8eb-478c-b106-64232b004d53'), 'bybit_account_id': UUID('e658c876-b19b-426d-b173-70269a63f711'), 'pair_code': 'ICXAU', 'opening_m_coin': 10.0, 'closing_m_coin': 10.0, 'trigger_check_interval': 0.1, 'ladders': [{'enabled': True, 'opening_spread': 1.5, 'closing_spread': 0.2, 'total_qty': 10.0, 'opening_trigger_count': 2, 'closing_trigger_count': 2}]}
================================================================================
[2026-04-17 13:11:01.523462] Task created: a63ec9f4-924b-42d8-8fd3-911907534a1a
Executor is_running: False
Coroutine: <coroutine object ContinuousStrategyExecutor.execute_forward_opening_continuous at 0x7e6af9557240>


================================================================================
[2026-04-17 14:07:29.464134] API CALLED: /execute/forward/continuous
User ID: f9ea299a-3dff-4a53-a52c-1331c99623f8
Request: {'binance_account_id': UUID('e8519bed-b8eb-478c-b106-64232b004d53'), 'bybit_account_id': UUID('e658c876-b19b-426d-b173-70269a63f711'), 'pair_code': 'ICXAU', 'opening_m_coin': 10.0, 'closing_m_coin': 10.0, 'trigger_check_interval': 0.1, 'ladders': [{'enabled': True, 'opening_spread': 2.0, 'closing_spread': 0.2, 'total_qty': 10.0, 'opening_trigger_count': 2, 'closing_trigger_count': 2}]}
================================================================================
[2026-04-17 14:07:29.505128] Task created: 678cbb25-40b1-40a2-8bc8-70beb671ac5d
Executor is_running: False
Coroutine: <coroutine object ContinuousStrategyExecutor.execute_forward_opening_continuous at 0x737b78c62980>


================================================================================
[2026-04-17 14:07:59.789001] API CALLED: /execute/forward/continuous
User ID: f9ea299a-3dff-4a53-a52c-1331c99623f8
Request: {'binance_account_id': UUID('e8519bed-b8eb-478c-b106-64232b004d53'), 'bybit_account_id': UUID('e658c876-b19b-426d-b173-70269a63f711'), 'pair_code': 'ICXAU', 'opening_m_coin': 10.0, 'closing_m_coin': 10.0, 'trigger_check_interval': 0.1, 'ladders': [{'enabled': True, 'opening_spread': 2.0, 'closing_spread': 0.2, 'total_qty': 10.0, 'opening_trigger_count': 2, 'closing_trigger_count': 2}]}
================================================================================
[2026-04-17 14:07:59.812588] Task created: 3c24ab5e-eba5-4be1-983b-480efe5399a5
Executor is_running: False
Coroutine: <coroutine object ContinuousStrategyExecutor.execute_forward_opening_continuous at 0x737b78c63740>


================================================================================
[2026-04-17 14:08:11.673339] API CALLED: /execute/forward/continuous
User ID: f9ea299a-3dff-4a53-a52c-1331c99623f8
Request: {'binance_account_id': UUID('e8519bed-b8eb-478c-b106-64232b004d53'), 'bybit_account_id': UUID('e658c876-b19b-426d-b173-70269a63f711'), 'pair_code': 'ICXAU', 'opening_m_coin': 10.0, 'closing_m_coin': 10.0, 'trigger_check_interval': 0.1, 'ladders': [{'enabled': True, 'opening_spread': 1.5, 'closing_spread': 0.2, 'total_qty': 10.0, 'opening_trigger_count': 2, 'closing_trigger_count': 2}]}
================================================================================
[2026-04-17 14:08:11.702773] Task created: 5d08f5ca-f65e-4e6f-8274-a215c3daef38
Executor is_running: False
Coroutine: <coroutine object ContinuousStrategyExecutor.execute_forward_opening_continuous at 0x737b78c639c0>

[2026-04-17 14:14:44.610948] Task created: b71ca269-22e7-45b5-9e93-138c1742c52f
Executor is_running: False
Coroutine: <coroutine object ContinuousStrategyExecutor.execute_forward_closing_continuous at 0x737b78c63d80>

[2026-04-17 14:52:48.894768] Task created: 7a2ed3be-71ef-4b92-ad7f-f7daed5bcef6
Executor is_running: False
Coroutine: <coroutine object ContinuousStrategyExecutor.execute_forward_closing_continuous at 0x737b78c63b00>


================================================================================
[2026-04-17 14:56:23.905504] API CALLED: /execute/forward/continuous
User ID: f9ea299a-3dff-4a53-a52c-1331c99623f8
Request: {'binance_account_id': UUID('e8519bed-b8eb-478c-b106-64232b004d53'), 'bybit_account_id': UUID('e658c876-b19b-426d-b173-70269a63f711'), 'pair_code': 'ICXAU', 'opening_m_coin': 10.0, 'closing_m_coin': 10.0, 'trigger_check_interval': 0.1, 'ladders': [{'enabled': True, 'opening_spread': 1.5, 'closing_spread': -0.5, 'total_qty': 10.0, 'opening_trigger_count': 2, 'closing_trigger_count': 2}]}
================================================================================
[2026-04-17 14:56:23.932494] Task created: 90a74a90-32ae-41be-932b-a97853a7ea0c
Executor is_running: False
Coroutine: <coroutine object ContinuousStrategyExecutor.execute_forward_opening_continuous at 0x737b78c62700>

[2026-04-17 15:00:47.898743] Task created: 7a15a887-876b-4638-aa0e-16bb2de481fd
Executor is_running: False
Coroutine: <coroutine object ContinuousStrategyExecutor.execute_forward_closing_continuous at 0x737b78c62ac0>

[2026-04-17 15:01:19.913762] Task created: 57a5c230-d796-4e89-b7fa-c29a0a4a82d0
Executor is_running: False
Coroutine: <coroutine object ContinuousStrategyExecutor.execute_forward_closing_continuous at 0x737b78c63ec0>

[2026-04-17 15:04:08.744513] Task created: c3886b63-e4af-4b49-a97f-50509895c463
Executor is_running: False
Coroutine: <coroutine object ContinuousStrategyExecutor.execute_forward_closing_continuous at 0x737b75cc0400>

[2026-04-17 15:15:57.488148] Task created: 74822924-9eab-4a1a-8e65-5ea67dfc2a41
Executor is_running: False
Coroutine: <coroutine object ContinuousStrategyExecutor.execute_forward_closing_continuous at 0x737b75cc0a40>

[2026-04-17 15:19:06.981800] Task created: c70fa198-f53a-4e38-957e-aa9d86f2a0c6
Executor is_running: False
Coroutine: <coroutine object ContinuousStrategyExecutor.execute_forward_closing_continuous at 0x737b75cc0e00>


================================================================================
[2026-04-17 15:31:57.465078] API CALLED: /execute/forward/continuous
User ID: f9ea299a-3dff-4a53-a52c-1331c99623f8
Request: {'binance_account_id': UUID('e8519bed-b8eb-478c-b106-64232b004d53'), 'bybit_account_id': UUID('e658c876-b19b-426d-b173-70269a63f711'), 'pair_code': 'ICXAU', 'opening_m_coin': 10.0, 'closing_m_coin': 10.0, 'trigger_check_interval': 0.1, 'ladders': [{'enabled': True, 'opening_spread': 1.7, 'closing_spread': -0.5, 'total_qty': 10.0, 'opening_trigger_count': 2, 'closing_trigger_count': 2}]}
================================================================================
[2026-04-17 15:31:57.493027] Task created: 227ff118-7aee-44f7-8e12-6f08ba18819a
Executor is_running: False
Coroutine: <coroutine object ContinuousStrategyExecutor.execute_forward_opening_continuous at 0x737b75cc07c0>

[2026-04-17 15:43:21.735443] Task created: 91faf3c3-1578-48dc-804e-235303b5b3da
Executor is_running: False
Coroutine: <coroutine object ContinuousStrategyExecutor.execute_forward_closing_continuous at 0x737b78c63c40>


================================================================================
[2026-04-17 16:13:18.568915] API CALLED: /execute/forward/continuous
User ID: f9ea299a-3dff-4a53-a52c-1331c99623f8
Request: {'binance_account_id': UUID('e8519bed-b8eb-478c-b106-64232b004d53'), 'bybit_account_id': UUID('e658c876-b19b-426d-b173-70269a63f711'), 'pair_code': 'ICXAU', 'opening_m_coin': 10.0, 'closing_m_coin': 10.0, 'trigger_check_interval': 0.1, 'ladders': [{'enabled': True, 'opening_spread': 1.7, 'closing_spread': -0.5, 'total_qty': 10.0, 'opening_trigger_count': 2, 'closing_trigger_count': 2}]}
================================================================================
[2026-04-17 16:13:18.597529] Task created: 3415e6a2-b439-41a2-87f5-56a8f35215c9
Executor is_running: False
Coroutine: <coroutine object ContinuousStrategyExecutor.execute_forward_opening_continuous at 0x737b75cc0f40>


================================================================================
[2026-04-17 16:15:05.108907] API CALLED: /execute/forward/continuous
User ID: f9ea299a-3dff-4a53-a52c-1331c99623f8
Request: {'binance_account_id': UUID('e8519bed-b8eb-478c-b106-64232b004d53'), 'bybit_account_id': UUID('e658c876-b19b-426d-b173-70269a63f711'), 'pair_code': 'ICXAU', 'opening_m_coin': 10.0, 'closing_m_coin': 10.0, 'trigger_check_interval': 0.1, 'ladders': [{'enabled': True, 'opening_spread': 1.7, 'closing_spread': -0.5, 'total_qty': 10.0, 'opening_trigger_count': 2, 'closing_trigger_count': 2}]}
================================================================================
[2026-04-17 16:15:05.135051] Task created: 81b7e6df-5e09-4318-9ebe-670b30fdb514
Executor is_running: False
Coroutine: <coroutine object ContinuousStrategyExecutor.execute_forward_opening_continuous at 0x737b75cc3240>


================================================================================
[2026-04-17 16:34:18.349702] API CALLED: /execute/forward/continuous
User ID: f9ea299a-3dff-4a53-a52c-1331c99623f8
Request: {'binance_account_id': UUID('e8519bed-b8eb-478c-b106-64232b004d53'), 'bybit_account_id': UUID('e658c876-b19b-426d-b173-70269a63f711'), 'pair_code': 'ICXAU', 'opening_m_coin': 10.0, 'closing_m_coin': 10.0, 'trigger_check_interval': 0.1, 'ladders': [{'enabled': True, 'opening_spread': 1.7, 'closing_spread': -0.5, 'total_qty': 10.0, 'opening_trigger_count': 2, 'closing_trigger_count': 2}]}
================================================================================
[2026-04-17 16:34:18.372993] Task created: b6080f9b-22e0-470e-b3b2-6ccada7983b4
Executor is_running: False
Coroutine: <coroutine object ContinuousStrategyExecutor.execute_forward_opening_continuous at 0x737b75cc2480>

[2026-04-17 16:44:11.938694] Task created: a9c29ef8-2889-4efb-98a0-fcffdd9b7881
Executor is_running: False
Coroutine: <coroutine object ContinuousStrategyExecutor.execute_forward_closing_continuous at 0x737b75cc2fc0>


================================================================================
[2026-04-17 17:25:14.876085] API CALLED: /execute/forward/continuous
User ID: f9ea299a-3dff-4a53-a52c-1331c99623f8
Request: {'binance_account_id': UUID('e8519bed-b8eb-478c-b106-64232b004d53'), 'bybit_account_id': UUID('e658c876-b19b-426d-b173-70269a63f711'), 'pair_code': 'ICXAU', 'opening_m_coin': 10.0, 'closing_m_coin': 10.0, 'trigger_check_interval': 0.1, 'ladders': [{'enabled': True, 'opening_spread': 1.7, 'closing_spread': 0.0, 'total_qty': 10.0, 'opening_trigger_count': 2, 'closing_trigger_count': 2}]}
================================================================================
[2026-04-17 17:25:14.909503] Task created: 6db331ee-d9a2-4eb6-bf92-8c9aeed034f5
Executor is_running: False
Coroutine: <coroutine object ContinuousStrategyExecutor.execute_forward_opening_continuous at 0x737b75cc3100>


================================================================================
[2026-04-17 17:26:18.430968] API CALLED: /execute/forward/continuous
User ID: f9ea299a-3dff-4a53-a52c-1331c99623f8
Request: {'binance_account_id': UUID('e8519bed-b8eb-478c-b106-64232b004d53'), 'bybit_account_id': UUID('e658c876-b19b-426d-b173-70269a63f711'), 'pair_code': 'ICXAU', 'opening_m_coin': 10.0, 'closing_m_coin': 10.0, 'trigger_check_interval': 0.1, 'ladders': [{'enabled': True, 'opening_spread': 3.0, 'closing_spread': 0.0, 'total_qty': 10.0, 'opening_trigger_count': 2, 'closing_trigger_count': 2}]}
================================================================================
[2026-04-17 17:26:18.482325] Task created: f2078d80-42f8-4314-a0bd-21fe333e77bc
Executor is_running: False
Coroutine: <coroutine object ContinuousStrategyExecutor.execute_forward_opening_continuous at 0x73f4d6977240>

[2026-04-17 17:41:39.878247] Task created: 70406ef1-f566-4e78-ae4f-19807885ac06
Executor is_running: False
Coroutine: <coroutine object ContinuousStrategyExecutor.execute_forward_closing_continuous at 0x73f4d6976d40>

[2026-04-17 17:44:28.536265] Task created: 393a0d5c-b0fa-4f32-b4ad-9c30d922307d
Executor is_running: False
Coroutine: <coroutine object ContinuousStrategyExecutor.execute_forward_closing_continuous at 0x73f4d6976ac0>


================================================================================
[2026-04-17 17:55:54.114893] API CALLED: /execute/forward/continuous
User ID: f9ea299a-3dff-4a53-a52c-1331c99623f8
Request: {'binance_account_id': UUID('e8519bed-b8eb-478c-b106-64232b004d53'), 'bybit_account_id': UUID('e658c876-b19b-426d-b173-70269a63f711'), 'pair_code': 'ICXAU', 'opening_m_coin': 10.0, 'closing_m_coin': 10.0, 'trigger_check_interval': 0.1, 'ladders': [{'enabled': True, 'opening_spread': 2.0, 'closing_spread': 0.8, 'total_qty': 10.0, 'opening_trigger_count': 2, 'closing_trigger_count': 2}]}
================================================================================
[2026-04-17 17:55:54.141316] Task created: 946f654e-9344-493a-8108-ffe12b9e62b1
Executor is_running: False
Coroutine: <coroutine object ContinuousStrategyExecutor.execute_forward_opening_continuous at 0x73f4d6976480>


================================================================================
[2026-04-17 18:05:46.631720] API CALLED: /execute/forward/continuous
User ID: f9ea299a-3dff-4a53-a52c-1331c99623f8
Request: {'binance_account_id': UUID('e8519bed-b8eb-478c-b106-64232b004d53'), 'bybit_account_id': UUID('e658c876-b19b-426d-b173-70269a63f711'), 'pair_code': 'ICXAU', 'opening_m_coin': 10.0, 'closing_m_coin': 10.0, 'trigger_check_interval': 0.1, 'ladders': [{'enabled': True, 'opening_spread': 2.0, 'closing_spread': 0.8, 'total_qty': 10.0, 'opening_trigger_count': 2, 'closing_trigger_count': 2}]}
================================================================================
[2026-04-17 18:05:46.657603] Task created: 29885526-a2d8-40fc-b19c-ced98ee940e9
Executor is_running: False
Coroutine: <coroutine object ContinuousStrategyExecutor.execute_forward_opening_continuous at 0x73f4c73c51c0>


================================================================================
[2026-04-17 18:08:22.148922] API CALLED: /execute/forward/continuous
User ID: f9ea299a-3dff-4a53-a52c-1331c99623f8
Request: {'binance_account_id': UUID('e8519bed-b8eb-478c-b106-64232b004d53'), 'bybit_account_id': UUID('e658c876-b19b-426d-b173-70269a63f711'), 'pair_code': 'ICXAU', 'opening_m_coin': 10.0, 'closing_m_coin': 10.0, 'trigger_check_interval': 0.1, 'ladders': [{'enabled': True, 'opening_spread': 2.0, 'closing_spread': 0.8, 'total_qty': 10.0, 'opening_trigger_count': 2, 'closing_trigger_count': 2}]}
================================================================================
[2026-04-17 18:08:22.211574] Task created: 5b0042eb-2f0e-4de0-a823-7856680a7dc6
Executor is_running: False
Coroutine: <coroutine object ContinuousStrategyExecutor.execute_forward_opening_continuous at 0x73f4d6977ec0>

[2026-04-17 19:58:13.760211] Task created: a9ddced9-2344-4e60-8ef1-018d7c71c312
Executor is_running: False
Coroutine: <coroutine object ContinuousStrategyExecutor.execute_forward_closing_continuous at 0x7ccfe1d5bd80>

[2026-04-17 20:02:58.272509] Task created: d071e3ad-73ee-422f-8454-942ecb145ea4
Executor is_running: False
Coroutine: <coroutine object ContinuousStrategyExecutor.execute_forward_closing_continuous at 0x7ccfe1d5a980>


================================================================================
[2026-04-20 07:25:13.332922] API CALLED: /execute/reverse/continuous
User ID: f9ea299a-3dff-4a53-a52c-1331c99623f8
Request: {'binance_account_id': UUID('e8519bed-b8eb-478c-b106-64232b004d53'), 'bybit_account_id': UUID('e658c876-b19b-426d-b173-70269a63f711'), 'pair_code': 'XAU', 'opening_m_coin': 10.0, 'closing_m_coin': 10.0, 'trigger_check_interval': 0.1, 'ladders': [{'enabled': True, 'opening_spread': 2.0, 'closing_spread': 0.0, 'total_qty': 10.0, 'opening_trigger_count': 2, 'closing_trigger_count': 2}]}
================================================================================
[2026-04-20 07:25:13.373462] Task created: ff72c235-9b16-43d4-9b62-6cb4c68f12b5
Executor is_running: False
Coroutine: <coroutine object ContinuousStrategyExecutor.execute_reverse_opening_continuous at 0x714bd3a839c0>


================================================================================
[2026-04-20 07:48:24.257292] API CALLED: /execute/reverse/continuous
User ID: f9ea299a-3dff-4a53-a52c-1331c99623f8
Request: {'binance_account_id': UUID('e8519bed-b8eb-478c-b106-64232b004d53'), 'bybit_account_id': UUID('e658c876-b19b-426d-b173-70269a63f711'), 'pair_code': 'ICXAU', 'opening_m_coin': 10.0, 'closing_m_coin': 10.0, 'trigger_check_interval': 0.1, 'ladders': [{'enabled': True, 'opening_spread': 2.0, 'closing_spread': 0.0, 'total_qty': 10.0, 'opening_trigger_count': 2, 'closing_trigger_count': 2}]}
================================================================================
[2026-04-20 07:48:24.284961] Task created: b015f3d4-1da0-4e39-ae16-38539757726a
Executor is_running: False
Coroutine: <coroutine object ContinuousStrategyExecutor.execute_reverse_opening_continuous at 0x714bd058b880>

[2026-04-20 08:57:40.457666] Task created: afd8180f-ad2a-4cbb-9650-6f54497b2559
Executor is_running: False
Coroutine: <coroutine object ContinuousStrategyExecutor.execute_reverse_closing_continuous at 0x7ca46f578180>

[2026-04-20 08:57:58.389630] Task created: 1fb4b03b-2430-4c8d-a968-eab688efeac3
Executor is_running: False
Coroutine: <coroutine object ContinuousStrategyExecutor.execute_reverse_closing_continuous at 0x7ca46f579d00>


================================================================================
[2026-04-20 09:26:06.732995] API CALLED: /execute/reverse/continuous
User ID: f9ea299a-3dff-4a53-a52c-1331c99623f8
Request: {'binance_account_id': UUID('e8519bed-b8eb-478c-b106-64232b004d53'), 'bybit_account_id': UUID('e658c876-b19b-426d-b173-70269a63f711'), 'pair_code': 'ICXAU', 'opening_m_coin': 10.0, 'closing_m_coin': 10.0, 'trigger_check_interval': 0.1, 'ladders': [{'enabled': True, 'opening_spread': 2.0, 'closing_spread': 0.5, 'total_qty': 10.0, 'opening_trigger_count': 2, 'closing_trigger_count': 2}]}
================================================================================
[2026-04-20 09:26:06.778273] Task created: df71abbb-f82e-4cc5-bc1f-465434612770
Executor is_running: False
Coroutine: <coroutine object ContinuousStrategyExecutor.execute_reverse_opening_continuous at 0x7ca46fd9fd80>


================================================================================
[2026-04-20 09:28:39.212375] API CALLED: /execute/reverse/continuous
User ID: f9ea299a-3dff-4a53-a52c-1331c99623f8
Request: {'binance_account_id': UUID('e8519bed-b8eb-478c-b106-64232b004d53'), 'bybit_account_id': UUID('e658c876-b19b-426d-b173-70269a63f711'), 'pair_code': 'ICXAU', 'opening_m_coin': 10.0, 'closing_m_coin': 10.0, 'trigger_check_interval': 0.1, 'ladders': [{'enabled': True, 'opening_spread': 2.0, 'closing_spread': 0.5, 'total_qty': 10.0, 'opening_trigger_count': 2, 'closing_trigger_count': 2}]}
================================================================================
[2026-04-20 09:28:39.236979] Task created: 079c74c9-cc89-4944-b8f1-3ce99fe4287a
Executor is_running: False
Coroutine: <coroutine object ContinuousStrategyExecutor.execute_reverse_opening_continuous at 0x7ca46c09bb00>


================================================================================
[2026-04-20 09:29:24.997036] API CALLED: /execute/reverse/continuous
User ID: f9ea299a-3dff-4a53-a52c-1331c99623f8
Request: {'binance_account_id': UUID('e8519bed-b8eb-478c-b106-64232b004d53'), 'bybit_account_id': UUID('e658c876-b19b-426d-b173-70269a63f711'), 'pair_code': 'ICXAU', 'opening_m_coin': 10.0, 'closing_m_coin': 10.0, 'trigger_check_interval': 0.1, 'ladders': [{'enabled': True, 'opening_spread': 2.0, 'closing_spread': 0.5, 'total_qty': 10.0, 'opening_trigger_count': 2, 'closing_trigger_count': 2}]}
================================================================================
[2026-04-20 09:29:25.023518] Task created: 3cb24ee8-f30e-4622-9eb9-e222eeb6be35
Executor is_running: False
Coroutine: <coroutine object ContinuousStrategyExecutor.execute_reverse_opening_continuous at 0x7ca46c09b880>


================================================================================
[2026-04-20 09:29:38.036439] API CALLED: /execute/reverse/continuous
User ID: f9ea299a-3dff-4a53-a52c-1331c99623f8
Request: {'binance_account_id': UUID('e8519bed-b8eb-478c-b106-64232b004d53'), 'bybit_account_id': UUID('e658c876-b19b-426d-b173-70269a63f711'), 'pair_code': 'ICXAU', 'opening_m_coin': 10.0, 'closing_m_coin': 10.0, 'trigger_check_interval': 0.1, 'ladders': [{'enabled': True, 'opening_spread': 2.0, 'closing_spread': 0.5, 'total_qty': 10.0, 'opening_trigger_count': 2, 'closing_trigger_count': 2}]}
================================================================================
[2026-04-20 09:29:38.061178] Task created: 70f10e17-c803-46e1-90a0-73dac06c5812
Executor is_running: False
Coroutine: <coroutine object ContinuousStrategyExecutor.execute_reverse_opening_continuous at 0x7ca457c02700>

[2026-04-20 10:22:48.211544] Task created: 439495da-c69e-4924-8e97-1a27920f0c48
Executor is_running: False
Coroutine: <coroutine object ContinuousStrategyExecutor.execute_reverse_closing_continuous at 0x7ca457c01d00>


================================================================================
[2026-04-20 14:51:20.441821] API CALLED: /execute/reverse/continuous
User ID: f9ea299a-3dff-4a53-a52c-1331c99623f8
Request: {'binance_account_id': UUID('e8519bed-b8eb-478c-b106-64232b004d53'), 'bybit_account_id': UUID('e658c876-b19b-426d-b173-70269a63f711'), 'pair_code': 'ICXAU', 'opening_m_coin': 10.0, 'closing_m_coin': 10.0, 'trigger_check_interval': 0.1, 'ladders': [{'enabled': True, 'opening_spread': 2.5, 'closing_spread': 0.5, 'total_qty': 10.0, 'opening_trigger_count': 2, 'closing_trigger_count': 2}]}
================================================================================
[2026-04-20 14:51:20.478381] Task created: b97300ae-0691-422d-807c-3240fe2e9d16
Executor is_running: False
Coroutine: <coroutine object ContinuousStrategyExecutor.execute_reverse_opening_continuous at 0x7ca457c03c40>

[2026-04-20 14:54:51.139225] Task created: 551c697d-75c3-4f86-9d38-6778e89d8659
Executor is_running: False
Coroutine: <coroutine object ContinuousStrategyExecutor.execute_reverse_closing_continuous at 0x7ca457c00900>


================================================================================
[2026-04-20 15:09:37.426206] API CALLED: /execute/reverse/continuous
User ID: f9ea299a-3dff-4a53-a52c-1331c99623f8
Request: {'binance_account_id': UUID('e8519bed-b8eb-478c-b106-64232b004d53'), 'bybit_account_id': UUID('e658c876-b19b-426d-b173-70269a63f711'), 'pair_code': 'ICXAU', 'opening_m_coin': 10.0, 'closing_m_coin': 10.0, 'trigger_check_interval': 0.1, 'ladders': [{'enabled': True, 'opening_spread': 1.5, 'closing_spread': 0.0, 'total_qty': 10.0, 'opening_trigger_count': 2, 'closing_trigger_count': 2}]}
================================================================================
[2026-04-20 15:09:37.450660] Task created: c88c7d9f-680d-45b6-a4a6-cfc2861901f2
Executor is_running: False
Coroutine: <coroutine object ContinuousStrategyExecutor.execute_reverse_opening_continuous at 0x7ca457c02840>

[2026-04-20 17:06:20.363367] Task created: a0979d8d-c08d-41ea-9aa4-d4c4e4e42633
Executor is_running: False
Coroutine: <coroutine object ContinuousStrategyExecutor.execute_reverse_closing_continuous at 0x7f2ef2d6f380>


================================================================================
[2026-04-20 22:05:12.681654] API CALLED: /execute/reverse/continuous
User ID: f9ea299a-3dff-4a53-a52c-1331c99623f8
Request: {'binance_account_id': UUID('e8519bed-b8eb-478c-b106-64232b004d53'), 'bybit_account_id': UUID('e658c876-b19b-426d-b173-70269a63f711'), 'pair_code': 'XAU', 'opening_m_coin': 10.0, 'closing_m_coin': 10.0, 'trigger_check_interval': 0.1, 'ladders': [{'enabled': True, 'opening_spread': 2.0, 'closing_spread': 0.0, 'total_qty': 10.0, 'opening_trigger_count': 2, 'closing_trigger_count': 2}]}
================================================================================
[2026-04-20 22:05:12.711364] Task created: 934c76e0-4df6-44d9-8165-a69d754efdf3
Executor is_running: False
Coroutine: <coroutine object ContinuousStrategyExecutor.execute_reverse_opening_continuous at 0x7f2ef2d6f740>


================================================================================
[2026-04-20 22:09:42.223836] API CALLED: /execute/forward/continuous
User ID: 439b5a1f-b938-4548-ba31-1338a0c326a2
Request: {'binance_account_id': UUID('5a6b1ced-9003-4620-82b3-ad159b603df9'), 'bybit_account_id': UUID('cfc84497-23b1-4686-96e4-09410f599845'), 'pair_code': 'ICXAU', 'opening_m_coin': 10.0, 'closing_m_coin': 10.0, 'trigger_check_interval': 0.1, 'ladders': [{'enabled': True, 'opening_spread': 2.0, 'closing_spread': 0.0, 'total_qty': 10.0, 'opening_trigger_count': 2, 'closing_trigger_count': 2}]}
================================================================================
[2026-04-20 22:09:42.296227] Task created: 1cb13b0f-8eba-401e-a9ca-633c83eb8dbb
Executor is_running: False
Coroutine: <coroutine object ContinuousStrategyExecutor.execute_forward_opening_continuous at 0x7f2ef2d6f240>


================================================================================
[2026-04-20 22:09:48.014954] API CALLED: /execute/forward/continuous
User ID: f9ea299a-3dff-4a53-a52c-1331c99623f8
Request: {'binance_account_id': UUID('e8519bed-b8eb-478c-b106-64232b004d53'), 'bybit_account_id': UUID('e658c876-b19b-426d-b173-70269a63f711'), 'pair_code': 'XAU', 'opening_m_coin': 10.0, 'closing_m_coin': 10.0, 'trigger_check_interval': 0.1, 'ladders': [{'enabled': True, 'opening_spread': 2.0, 'closing_spread': 0.0, 'total_qty': 10.0, 'opening_trigger_count': 2, 'closing_trigger_count': 2}]}
================================================================================
[2026-04-20 22:09:48.049635] Task created: f21c5a15-0a09-4235-b7af-7d73dff1a519
Executor is_running: False
Coroutine: <coroutine object ContinuousStrategyExecutor.execute_forward_opening_continuous at 0x7f2ef2d6ee80>


================================================================================
[2026-04-20 22:10:21.729939] API CALLED: /execute/forward/continuous
User ID: 439b5a1f-b938-4548-ba31-1338a0c326a2
Request: {'binance_account_id': UUID('5a6b1ced-9003-4620-82b3-ad159b603df9'), 'bybit_account_id': UUID('cfc84497-23b1-4686-96e4-09410f599845'), 'pair_code': 'ICXAU', 'opening_m_coin': 15.0, 'closing_m_coin': 15.0, 'trigger_check_interval': 0.1, 'ladders': [{'enabled': True, 'opening_spread': 2.0, 'closing_spread': 0.0, 'total_qty': 15.0, 'opening_trigger_count': 2, 'closing_trigger_count': 2}]}
================================================================================
[2026-04-20 22:10:21.807303] Task created: c842643e-63e2-4374-92ed-9e3efd7b5d3f
Executor is_running: False
Coroutine: <coroutine object ContinuousStrategyExecutor.execute_forward_opening_continuous at 0x7f2ef2d6fc40>


================================================================================
[2026-04-20 23:19:46.348000] API CALLED: /execute/forward/continuous
User ID: 439b5a1f-b938-4548-ba31-1338a0c326a2
Request: {'binance_account_id': UUID('5a6b1ced-9003-4620-82b3-ad159b603df9'), 'bybit_account_id': UUID('cfc84497-23b1-4686-96e4-09410f599845'), 'pair_code': 'ICXAU', 'opening_m_coin': 15.0, 'closing_m_coin': 15.0, 'trigger_check_interval': 0.1, 'ladders': [{'enabled': True, 'opening_spread': 1.5, 'closing_spread': 0.0, 'total_qty': 15.0, 'opening_trigger_count': 2, 'closing_trigger_count': 2}]}
================================================================================
[2026-04-20 23:19:46.427289] Task created: c48faa17-7256-4d68-b6da-6d94459e336e
Executor is_running: False
Coroutine: <coroutine object ContinuousStrategyExecutor.execute_forward_opening_continuous at 0x7f2ef2d6fec0>


================================================================================
[2026-04-20 23:19:52.066572] API CALLED: /execute/forward/continuous
User ID: f9ea299a-3dff-4a53-a52c-1331c99623f8
Request: {'binance_account_id': UUID('e8519bed-b8eb-478c-b106-64232b004d53'), 'bybit_account_id': UUID('e658c876-b19b-426d-b173-70269a63f711'), 'pair_code': 'ICXAU', 'opening_m_coin': 10.0, 'closing_m_coin': 10.0, 'trigger_check_interval': 0.1, 'ladders': [{'enabled': True, 'opening_spread': 1.5, 'closing_spread': 0.0, 'total_qty': 10.0, 'opening_trigger_count': 2, 'closing_trigger_count': 2}]}
================================================================================
[2026-04-20 23:19:52.124110] Task created: 7c5596c6-6822-465d-8846-5c06f590341e
Executor is_running: False
Coroutine: <coroutine object ContinuousStrategyExecutor.execute_forward_opening_continuous at 0x7f2ef1d0e840>


================================================================================
[2026-04-20 23:25:39.317289] API CALLED: /execute/forward/continuous
User ID: f9ea299a-3dff-4a53-a52c-1331c99623f8
Request: {'binance_account_id': UUID('e8519bed-b8eb-478c-b106-64232b004d53'), 'bybit_account_id': UUID('e658c876-b19b-426d-b173-70269a63f711'), 'pair_code': 'ICXAU', 'opening_m_coin': 10.0, 'closing_m_coin': 10.0, 'trigger_check_interval': 0.1, 'ladders': [{'enabled': True, 'opening_spread': 1.5, 'closing_spread': 0.0, 'total_qty': 10.0, 'opening_trigger_count': 2, 'closing_trigger_count': 2}]}
================================================================================
[2026-04-20 23:25:39.345516] Task created: c8da9343-b544-46a8-b3cb-8ed25e4a9877
Executor is_running: False
Coroutine: <coroutine object ContinuousStrategyExecutor.execute_forward_opening_continuous at 0x7f2ef1d0d300>


================================================================================
[2026-04-20 23:25:43.267734] API CALLED: /execute/forward/continuous
User ID: 439b5a1f-b938-4548-ba31-1338a0c326a2
Request: {'binance_account_id': UUID('5a6b1ced-9003-4620-82b3-ad159b603df9'), 'bybit_account_id': UUID('cfc84497-23b1-4686-96e4-09410f599845'), 'pair_code': 'ICXAU', 'opening_m_coin': 15.0, 'closing_m_coin': 15.0, 'trigger_check_interval': 0.1, 'ladders': [{'enabled': True, 'opening_spread': 1.5, 'closing_spread': 0.0, 'total_qty': 15.0, 'opening_trigger_count': 2, 'closing_trigger_count': 2}]}
================================================================================
[2026-04-20 23:25:43.359265] Task created: 269aed24-f7aa-472e-b89b-a6c1eadba5d6
Executor is_running: False
Coroutine: <coroutine object ContinuousStrategyExecutor.execute_forward_opening_continuous at 0x7f2ef1d0de40>


================================================================================
[2026-04-21 00:24:45.715690] API CALLED: /execute/forward/continuous
User ID: 439b5a1f-b938-4548-ba31-1338a0c326a2
Request: {'binance_account_id': UUID('5a6b1ced-9003-4620-82b3-ad159b603df9'), 'bybit_account_id': UUID('cfc84497-23b1-4686-96e4-09410f599845'), 'pair_code': 'ICXAU', 'opening_m_coin': 15.0, 'closing_m_coin': 15.0, 'trigger_check_interval': 0.1, 'ladders': [{'enabled': True, 'opening_spread': 1.5, 'closing_spread': 0.0, 'total_qty': 15.0, 'opening_trigger_count': 2, 'closing_trigger_count': 2}]}
================================================================================
[2026-04-21 00:24:45.794163] Task created: 8c865f5a-0557-41b6-a416-1ef7a7d9d1a0
Executor is_running: False
Coroutine: <coroutine object ContinuousStrategyExecutor.execute_forward_opening_continuous at 0x7f2ef1d0e340>

[2026-04-21 00:26:43.735665] Task created: 9ddb3cc0-e504-4a40-8565-318251a9b138
Executor is_running: False
Coroutine: <coroutine object ContinuousStrategyExecutor.execute_forward_closing_continuous at 0x7f2ef1d0ed40>

[2026-04-21 00:32:13.319384] Task created: fff58a42-259d-47dd-902a-acee3e70e566
Executor is_running: False
Coroutine: <coroutine object ContinuousStrategyExecutor.execute_forward_closing_continuous at 0x7c0ea3593ec0>

[2026-04-21 00:36:02.955058] Task created: 9995bb71-307f-4ff7-95e4-a62c33366a1b
Executor is_running: False
Coroutine: <coroutine object ContinuousStrategyExecutor.execute_forward_closing_continuous at 0x7c0ea35925c0>

[2026-04-21 00:38:42.911455] Task created: 526ff7b1-f1aa-49be-9e9b-8067cc5b59f6
Executor is_running: False
Coroutine: <coroutine object ContinuousStrategyExecutor.execute_forward_closing_continuous at 0x7c0ea3dabb00>

[2026-04-21 01:07:59.952920] Task created: b224f1ba-43e3-41a2-93ee-062fe357989f
Executor is_running: False
Coroutine: <coroutine object ContinuousStrategyExecutor.execute_forward_closing_continuous at 0x7ce644a83c40>

[2026-04-21 01:11:18.085482] Task created: a037e7ed-5b7d-430a-8579-e304d7cd6777
Executor is_running: False
Coroutine: <coroutine object ContinuousStrategyExecutor.execute_forward_closing_continuous at 0x7ce64238e700>


================================================================================
[2026-04-21 02:16:00.182666] API CALLED: /execute/reverse/continuous
User ID: 439b5a1f-b938-4548-ba31-1338a0c326a2
Request: {'binance_account_id': UUID('5a6b1ced-9003-4620-82b3-ad159b603df9'), 'bybit_account_id': UUID('cfc84497-23b1-4686-96e4-09410f599845'), 'pair_code': 'ICXAU', 'opening_m_coin': 15.0, 'closing_m_coin': 15.0, 'trigger_check_interval': 0.1, 'ladders': [{'enabled': True, 'opening_spread': 2.0, 'closing_spread': 0.0, 'total_qty': 15.0, 'opening_trigger_count': 2, 'closing_trigger_count': 2}]}
================================================================================
[2026-04-21 02:16:00.258556] Task created: f35fd54b-5e64-4636-bc09-cfcfa19ccb75
Executor is_running: False
Coroutine: <coroutine object ContinuousStrategyExecutor.execute_reverse_opening_continuous at 0x7ce64238ee80>


================================================================================
[2026-04-21 02:16:09.427782] API CALLED: /execute/reverse/continuous
User ID: 439b5a1f-b938-4548-ba31-1338a0c326a2
Request: {'binance_account_id': UUID('5a6b1ced-9003-4620-82b3-ad159b603df9'), 'bybit_account_id': UUID('cfc84497-23b1-4686-96e4-09410f599845'), 'pair_code': 'ICXAU', 'opening_m_coin': 15.0, 'closing_m_coin': 15.0, 'trigger_check_interval': 0.1, 'ladders': [{'enabled': True, 'opening_spread': 1.5, 'closing_spread': 0.0, 'total_qty': 15.0, 'opening_trigger_count': 2, 'closing_trigger_count': 2}]}
================================================================================
[2026-04-21 02:16:09.521807] Task created: cd8f1202-78e5-4fad-b161-8473ea4a8851
Executor is_running: False
Coroutine: <coroutine object ContinuousStrategyExecutor.execute_reverse_opening_continuous at 0x7ce642399e40>


================================================================================
[2026-04-21 04:05:38.019284] API CALLED: /execute/reverse/continuous
User ID: 439b5a1f-b938-4548-ba31-1338a0c326a2
Request: {'binance_account_id': UUID('5a6b1ced-9003-4620-82b3-ad159b603df9'), 'bybit_account_id': UUID('cfc84497-23b1-4686-96e4-09410f599845'), 'pair_code': 'ICXAU', 'opening_m_coin': 15.0, 'closing_m_coin': 15.0, 'trigger_check_interval': 0.1, 'ladders': [{'enabled': True, 'opening_spread': 1.5, 'closing_spread': 0.0, 'total_qty': 15.0, 'opening_trigger_count': 2, 'closing_trigger_count': 2}]}
================================================================================
[2026-04-21 04:05:38.179639] Task created: a5208a37-6aae-43d7-b9e0-fd5b11385179
Executor is_running: False
Coroutine: <coroutine object ContinuousStrategyExecutor.execute_reverse_opening_continuous at 0x7d67bd8cb380>


================================================================================
[2026-04-21 04:49:18.435025] API CALLED: /execute/reverse/continuous
User ID: 439b5a1f-b938-4548-ba31-1338a0c326a2
Request: {'binance_account_id': UUID('5a6b1ced-9003-4620-82b3-ad159b603df9'), 'bybit_account_id': UUID('cfc84497-23b1-4686-96e4-09410f599845'), 'pair_code': 'XAU', 'opening_m_coin': 15.0, 'closing_m_coin': 15.0, 'trigger_check_interval': 0.1, 'ladders': [{'enabled': True, 'opening_spread': 2.5, 'closing_spread': 0.0, 'total_qty': 15.0, 'opening_trigger_count': 2, 'closing_trigger_count': 2}]}
================================================================================
[2026-04-21 04:49:18.518562] Task created: 6d1c74ff-d707-4d2b-b38b-9f7a97f0888f
Executor is_running: False
Coroutine: <coroutine object ContinuousStrategyExecutor.execute_reverse_opening_continuous at 0x7f7e1faf60c0>


================================================================================
[2026-04-21 04:52:23.991640] API CALLED: /execute/reverse/continuous
User ID: f9ea299a-3dff-4a53-a52c-1331c99623f8
Request: {'binance_account_id': UUID('e8519bed-b8eb-478c-b106-64232b004d53'), 'bybit_account_id': UUID('e658c876-b19b-426d-b173-70269a63f711'), 'pair_code': 'ICXAU', 'opening_m_coin': 10.0, 'closing_m_coin': 10.0, 'trigger_check_interval': 0.1, 'ladders': [{'enabled': True, 'opening_spread': 2.0, 'closing_spread': 0.0, 'total_qty': 10.0, 'opening_trigger_count': 2, 'closing_trigger_count': 2}]}
================================================================================
[2026-04-21 04:52:24.021481] Task created: 283b3d5e-e8f0-48ec-b00e-ae24652eb08f
Executor is_running: False
Coroutine: <coroutine object ContinuousStrategyExecutor.execute_reverse_opening_continuous at 0x7f7e1faf65c0>


================================================================================
[2026-04-21 04:55:54.742199] API CALLED: /execute/reverse/continuous
User ID: 439b5a1f-b938-4548-ba31-1338a0c326a2
Request: {'binance_account_id': UUID('5a6b1ced-9003-4620-82b3-ad159b603df9'), 'bybit_account_id': UUID('cfc84497-23b1-4686-96e4-09410f599845'), 'pair_code': 'XAU', 'opening_m_coin': 15.0, 'closing_m_coin': 15.0, 'trigger_check_interval': 0.1, 'ladders': [{'enabled': True, 'opening_spread': 2.5, 'closing_spread': 0.0, 'total_qty': 15.0, 'opening_trigger_count': 2, 'closing_trigger_count': 2}]}
================================================================================
[2026-04-21 04:55:54.811363] Task created: 2934bf7b-8b25-4b3a-8e68-4add087937d5
Executor is_running: False
Coroutine: <coroutine object ContinuousStrategyExecutor.execute_reverse_opening_continuous at 0x7f7e1f0d8680>


================================================================================
[2026-04-21 04:57:29.002257] API CALLED: /execute/reverse/continuous
User ID: f9ea299a-3dff-4a53-a52c-1331c99623f8
Request: {'binance_account_id': UUID('e8519bed-b8eb-478c-b106-64232b004d53'), 'bybit_account_id': UUID('e658c876-b19b-426d-b173-70269a63f711'), 'pair_code': 'ICXAU', 'opening_m_coin': 10.0, 'closing_m_coin': 10.0, 'trigger_check_interval': 0.1, 'ladders': [{'enabled': True, 'opening_spread': 2.0, 'closing_spread': 0.0, 'total_qty': 10.0, 'opening_trigger_count': 2, 'closing_trigger_count': 2}]}
================================================================================
[2026-04-21 04:57:29.026932] Task created: d42a0043-7e62-42ec-9079-839f3406dd85
Executor is_running: False
Coroutine: <coroutine object ContinuousStrategyExecutor.execute_reverse_opening_continuous at 0x7f7e1f0d8f40>


================================================================================
[2026-04-21 05:02:05.381049] API CALLED: /execute/reverse/continuous
User ID: f9ea299a-3dff-4a53-a52c-1331c99623f8
Request: {'binance_account_id': UUID('e8519bed-b8eb-478c-b106-64232b004d53'), 'bybit_account_id': UUID('e658c876-b19b-426d-b173-70269a63f711'), 'pair_code': 'ICXAU', 'opening_m_coin': 10.0, 'closing_m_coin': 10.0, 'trigger_check_interval': 0.1, 'ladders': [{'enabled': True, 'opening_spread': 2.5, 'closing_spread': 0.0, 'total_qty': 10.0, 'opening_trigger_count': 2, 'closing_trigger_count': 2}]}
================================================================================
[2026-04-21 05:02:05.407786] Task created: bb5a9e96-7dbd-4766-82ad-1ae25ef08712
Executor is_running: False
Coroutine: <coroutine object ContinuousStrategyExecutor.execute_reverse_opening_continuous at 0x7f7e1f0d82c0>


================================================================================
[2026-04-21 05:09:10.964042] API CALLED: /execute/reverse/continuous
User ID: 439b5a1f-b938-4548-ba31-1338a0c326a2
Request: {'binance_account_id': UUID('5a6b1ced-9003-4620-82b3-ad159b603df9'), 'bybit_account_id': UUID('cfc84497-23b1-4686-96e4-09410f599845'), 'pair_code': 'XAU', 'opening_m_coin': 15.0, 'closing_m_coin': 15.0, 'trigger_check_interval': 0.1, 'ladders': [{'enabled': True, 'opening_spread': 2.5, 'closing_spread': 0.0, 'total_qty': 15.0, 'opening_trigger_count': 2, 'closing_trigger_count': 2}]}
================================================================================
[2026-04-21 05:09:11.203217] Task created: 51c50ecb-fafe-468e-832e-d42ec5c3272f
Executor is_running: False
Coroutine: <coroutine object ContinuousStrategyExecutor.execute_reverse_opening_continuous at 0x7f7e1faf74c0>


================================================================================
[2026-04-21 05:20:13.615573] API CALLED: /execute/reverse/continuous
User ID: f9ea299a-3dff-4a53-a52c-1331c99623f8
Request: {'binance_account_id': UUID('e8519bed-b8eb-478c-b106-64232b004d53'), 'bybit_account_id': UUID('e658c876-b19b-426d-b173-70269a63f711'), 'pair_code': 'ICXAU', 'opening_m_coin': 10.0, 'closing_m_coin': 10.0, 'trigger_check_interval': 0.1, 'ladders': [{'enabled': True, 'opening_spread': 2.5, 'closing_spread': 0.0, 'total_qty': 10.0, 'opening_trigger_count': 2, 'closing_trigger_count': 2}]}
================================================================================
[2026-04-21 05:20:13.656239] Task created: f583b7b9-2f10-400f-8937-6f7fff2d0e46
Executor is_running: False
Coroutine: <coroutine object ContinuousStrategyExecutor.execute_reverse_opening_continuous at 0x7f7e1f0d8180>


================================================================================
[2026-04-21 05:20:16.309264] API CALLED: /execute/reverse/continuous
User ID: 439b5a1f-b938-4548-ba31-1338a0c326a2
Request: {'binance_account_id': UUID('5a6b1ced-9003-4620-82b3-ad159b603df9'), 'bybit_account_id': UUID('cfc84497-23b1-4686-96e4-09410f599845'), 'pair_code': 'XAU', 'opening_m_coin': 15.0, 'closing_m_coin': 15.0, 'trigger_check_interval': 0.1, 'ladders': [{'enabled': True, 'opening_spread': 2.5, 'closing_spread': 0.0, 'total_qty': 15.0, 'opening_trigger_count': 2, 'closing_trigger_count': 2}]}
================================================================================
[2026-04-21 05:20:16.379865] Task created: 10341def-9f28-4274-a3d4-108d710f4d3a
Executor is_running: False
Coroutine: <coroutine object ContinuousStrategyExecutor.execute_reverse_opening_continuous at 0x7f7e1faf6840>

[2026-04-21 05:36:22.051408] Task created: 526cd6ee-2639-4a6b-9e4d-eff35c12ee5b
Executor is_running: False
Coroutine: <coroutine object ContinuousStrategyExecutor.execute_reverse_closing_continuous at 0x739f155d8180>


================================================================================
[2026-04-21 05:52:54.258569] API CALLED: /execute/reverse/continuous
User ID: 439b5a1f-b938-4548-ba31-1338a0c326a2
Request: {'binance_account_id': UUID('5a6b1ced-9003-4620-82b3-ad159b603df9'), 'bybit_account_id': UUID('cfc84497-23b1-4686-96e4-09410f599845'), 'pair_code': 'XAU', 'opening_m_coin': 15.0, 'closing_m_coin': 15.0, 'trigger_check_interval': 0.1, 'ladders': [{'enabled': True, 'opening_spread': 3.0, 'closing_spread': 0.5, 'total_qty': 15.0, 'opening_trigger_count': 2, 'closing_trigger_count': 2}]}
================================================================================
[2026-04-21 05:52:54.337083] Task created: efd8b3d5-e6af-4cd2-8d04-3d6cd03f5fb0
Executor is_running: False
Coroutine: <coroutine object ContinuousStrategyExecutor.execute_reverse_opening_continuous at 0x775a4cbef4c0>

